
R version 4.0.2 (2020-06-22) -- "Taking Off Again"
Copyright (C) 2020 The R Foundation for Statistical Computing
Platform: x86_64-pc-linux-gnu (64-bit)

R is free software and comes with ABSOLUTELY NO WARRANTY.
You are welcome to redistribute it under certain conditions.
Type 'license()' or 'licence()' for distribution details.

R is a collaborative project with many contributors.
Type 'contributors()' for more information and
'citation()' on how to cite R or R packages in publications.

Type 'demo()' for some demos, 'help()' for on-line help, or
'help.start()' for an HTML browser interface to help.
Type 'q()' to quit R.

> # load packages
> library('tidyverse')
-- Attaching packages --------------------------------------- tidyverse 1.3.0 --
v ggplot2 3.3.2     v purrr   0.3.4
v tibble  3.0.3     v dplyr   1.0.2
v tidyr   1.1.2     v stringr 1.4.0
v readr   1.3.1     v forcats 0.5.0
-- Conflicts ------------------------------------------ tidyverse_conflicts() --
x dplyr::filter() masks stats::filter()
x dplyr::lag()    masks stats::lag()
> 
> # tsls() taken from sem package from CRAN mirror
> # here https://github.com/cran/sem/blob/master/R/tsls.R
> source(here::here("analysis","tsls.R")) 
> 
> ## import data
> df_input <- read_csv(
+   here::here("output", "input_2.csv"),
+   col_types = cols(
+     patient_id = col_integer(),
+     stp = col_character()
+   )
+ )
> 
> dim(df_input)
[1] 10000    33
> class(df_input)
[1] "spec_tbl_df" "tbl_df"      "tbl"         "data.frame" 
> colnames(df_input)
 [1] "covid_vax_1_date"                   "covid_vax_2_date"                  
 [3] "covid_vax_3_date"                   "covid_vax_4_date"                  
 [5] "covid_vax_pfizer_1_date"            "covid_vax_pfizer_2_date"           
 [7] "covid_vax_pfizer_3_date"            "covid_vax_pfizer_4_date"           
 [9] "covid_vax_az_1_date"                "covid_vax_az_2_date"               
[11] "covid_vax_az_3_date"                "covid_vax_az_4_date"               
[13] "prior_positive_test_date"           "prior_primary_care_covid_case_date"
[15] "prior_admitted_for_covid_date"      "positive_test_1_date"              
[17] "primary_care_covid_case_1_date"     "admitted_1_date"                   
[19] "coviddeath_date"                    "death_date"                        
[21] "age"                                "sex"                               
[23] "bmi"                                "has_follow_up_previous_year"       
[25] "ethnicity_16"                       "ethnicity"                         
[27] "practice_id"                        "stp"                               
[29] "region"                             "imd"                               
[31] "care_home_type"                     "care_home"                         
[33] "patient_id"                        
> sapply(df_input, class)
                  covid_vax_1_date                   covid_vax_2_date 
                            "Date"                             "Date" 
                  covid_vax_3_date                   covid_vax_4_date 
                            "Date"                             "Date" 
           covid_vax_pfizer_1_date            covid_vax_pfizer_2_date 
                            "Date"                             "Date" 
           covid_vax_pfizer_3_date            covid_vax_pfizer_4_date 
                            "Date"                             "Date" 
               covid_vax_az_1_date                covid_vax_az_2_date 
                            "Date"                             "Date" 
               covid_vax_az_3_date                covid_vax_az_4_date 
                            "Date"                             "Date" 
          prior_positive_test_date prior_primary_care_covid_case_date 
                            "Date"                             "Date" 
     prior_admitted_for_covid_date               positive_test_1_date 
                            "Date"                             "Date" 
    primary_care_covid_case_1_date                    admitted_1_date 
                            "Date"                             "Date" 
                   coviddeath_date                         death_date 
                            "Date"                             "Date" 
                               age                                sex 
                         "numeric"                        "character" 
                               bmi        has_follow_up_previous_year 
                       "character"                          "numeric" 
                      ethnicity_16                          ethnicity 
                         "numeric"                          "numeric" 
                       practice_id                                stp 
                         "numeric"                        "character" 
                            region                                imd 
                       "character"                          "numeric" 
                    care_home_type                          care_home 
                       "character"                          "numeric" 
                        patient_id 
                         "integer" 
> 
> # greater than or equal to 80 indicator
> df_input <- df_input %>% mutate(gr80 = as.numeric(age >= 80))
> sum(is.na(df_input$gr80))
[1] 0
> table(df_input$gr80)

   0    1 
9519  481 
> 
> # setup week start and end dates
> startweek <- c("2020-12-07","2020-12-14","2020-12-21","2020-12-28","2021-01-04","2021-01-11","2021-01-18","2021-01-25")
> endweek   <- c("2020-12-14","2020-12-21","2020-12-28","2021-01-04","2021-01-11","2021-01-18","2021-01-25","2021-02-01")
> 
> # initialise lists for results and plots
> results <- pt_plot <- vector("list", length(startweek))
> 
> for (i in 1:length(startweek)) {
+   
+   # print iteration
+   print(paste("Week", i))
+   print(paste("Start date", startweek[i]))
+   
+   # positive test in week
+   df_input <- df_input %>% 
+     mutate(pos_test_in_week = positive_test_1_date > startweek[i] &
+              positive_test_1_date <= endweek[i])
+ 
+   class(df_input$pos_test_in_week)
+   table(df_input$pos_test_in_week)
+ 
+   pt_plot[[i]] <- df_input %>% 
+     drop_na(age, pos_test_in_week) %>%
+     filter(age >= 18) %>%
+     ggplot(aes(x = age, y = pos_test_in_week)) + 
+     geom_point() + 
+     theme_bw()
+ 
+   # save plots
+   ggsave(
+     plot = pt_plot[[i]],
+     filename = paste0("pt_plot_week_", i, ".png"),
+     path = here::here("output", "plots"),
+     units = "cm",
+     height = 15,
+     width = 15
+   )
+ 
+   # fit IV estimator
+   ivfit <- tsls(as.numeric(pos_test_in_week) ~ age, ~ gr80, 
+                 data = df_input)
+   results[[i]] <- ivfit
+   print(summary(ivfit))
+ }
[1] "Week 1"
[1] "Start date 2020-12-07"

 2SLS Estimates

Model Formula: as.numeric(pos_test_in_week) ~ age

Instruments: ~gr80

Residuals:
   Min. 1st Qu.  Median    Mean 3rd Qu.    Max. 
      0       0       0       0       0       0 

            Estimate Std. Error t value Pr(>|t|)
(Intercept)        0          0      NA       NA
age                0          0      NA       NA

Residual standard error: 0 on 7999 degrees of freedom

[1] "Week 2"
[1] "Start date 2020-12-14"

 2SLS Estimates

Model Formula: as.numeric(pos_test_in_week) ~ age

Instruments: ~gr80

Residuals:
      Min.    1st Qu.     Median       Mean    3rd Qu.       Max. 
-0.0007089 -0.0005353 -0.0003782  0.0000000 -0.0002211  0.9999029 

                 Estimate    Std. Error  t value Pr(>|t|)
(Intercept)  7.089096e-04  8.788573e-04  0.80663  0.41991
age         -8.268280e-06  2.108878e-05 -0.39207  0.69502

Residual standard error: 0.0193641 on 7999 degrees of freedom

[1] "Week 3"
[1] "Start date 2020-12-21"

 2SLS Estimates

Model Formula: as.numeric(pos_test_in_week) ~ age

Instruments: ~gr80

Residuals:
     Min.   1st Qu.    Median      Mean   3rd Qu.      Max. 
-0.003151 -0.003007 -0.002877  0.000000 -0.002740  0.997417 

                 Estimate    Std. Error  t value Pr(>|t|)
(Intercept)  3.151225e-03  2.430316e-03  1.29663  0.19480
age         -6.847832e-06  5.831711e-05 -0.11742  0.90653

Residual standard error: 0.0535478 on 7999 degrees of freedom

[1] "Week 4"
[1] "Start date 2020-12-28"

 2SLS Estimates

Model Formula: as.numeric(pos_test_in_week) ~ age

Instruments: ~gr80

Residuals:
     Min.   1st Qu.    Median      Mean   3rd Qu.      Max. 
-0.010517 -0.009957 -0.009733  0.000000 -0.009520  0.990681 

                Estimate   Std. Error t value Pr(>|t|)  
(Intercept) 9.296656e-03 4.459902e-03  2.0845 0.037147 *
age         1.119398e-05 1.070184e-04  0.1046 0.916697  
---
Signif. codes:  0 '***' 0.001 '**' 0.01 '*' 0.05 '.' 0.1 ' ' 1

Residual standard error: 0.0982661 on 7999 degrees of freedom

[1] "Week 5"
[1] "Start date 2021-01-04"

 2SLS Estimates

Model Formula: as.numeric(pos_test_in_week) ~ age

Instruments: ~gr80

Residuals:
    Min.  1st Qu.   Median     Mean  3rd Qu.     Max. 
-0.02789 -0.02305 -0.02111  0.00000 -0.01917  0.98267 

                Estimate   Std. Error t value  Pr(>|t|)   
(Intercept) 1.733406e-02 6.545414e-03 2.64828 0.0081062 **
age         9.688728e-05 1.570617e-04 0.61687 0.5373354   
---
Signif. codes:  0 '***' 0.001 '**' 0.01 '*' 0.05 '.' 0.1 ' ' 1

Residual standard error: 0.1442167 on 7999 degrees of freedom

[1] "Week 6"
[1] "Start date 2021-01-11"

 2SLS Estimates

Model Formula: as.numeric(pos_test_in_week) ~ age

Instruments: ~gr80

Residuals:
    Min.  1st Qu.   Median     Mean  3rd Qu.     Max. 
-0.07512 -0.07345 -0.07275  0.00000 -0.07206  0.92846 

                Estimate   Std. Error t value   Pr(>|t|)    
(Intercept) 7.153606e-02 1.179862e-02 6.06309 1.3959e-09 ***
age         3.292471e-05 2.831160e-04 0.11629    0.90742    
---
Signif. codes:  0 '***' 0.001 '**' 0.01 '*' 0.05 '.' 0.1 ' ' 1

Residual standard error: 0.2599619 on 7999 degrees of freedom

[1] "Week 7"
[1] "Start date 2021-01-18"

 2SLS Estimates

Model Formula: as.numeric(pos_test_in_week) ~ age

Instruments: ~gr80

Residuals:
   Min. 1st Qu.  Median    Mean 3rd Qu.    Max. 
-0.2268 -0.2226 -0.2185  0.0000 -0.2134  0.7893 

                 Estimate    Std. Error  t value Pr(>|t|)    
(Intercept)  0.2268151149  0.0188095497 12.05851  < 2e-16 ***
age         -0.0001632243  0.0004513480 -0.36164  0.71763    
---
Signif. codes:  0 '***' 0.001 '**' 0.01 '*' 0.05 '.' 0.1 ' ' 1

Residual standard error: 0.4144355 on 7999 degrees of freedom

[1] "Week 8"
[1] "Start date 2021-01-25"

 2SLS Estimates

Model Formula: as.numeric(pos_test_in_week) ~ age

Instruments: ~gr80

Residuals:
   Min. 1st Qu.  Median    Mean 3rd Qu.    Max. 
-0.6749 -0.6717  0.3267  0.0000  0.3279  0.3291 

                Estimate   Std. Error  t value Pr(>|t|)    
(Intercept) 6.709217e-01 2.130126e-02 31.49680  < 2e-16 ***
age         4.009056e-05 5.111384e-04  0.07843  0.93748    
---
Signif. codes:  0 '***' 0.001 '**' 0.01 '*' 0.05 '.' 0.1 ' ' 1

Residual standard error: 0.469336 on 7999 degrees of freedom

> 
> proc.time()
   user  system elapsed 
  3.159   0.080   3.464 
