
R version 4.0.2 (2020-06-22) -- "Taking Off Again"
Copyright (C) 2020 The R Foundation for Statistical Computing
Platform: x86_64-pc-linux-gnu (64-bit)

R is free software and comes with ABSOLUTELY NO WARRANTY.
You are welcome to redistribute it under certain conditions.
Type 'license()' or 'licence()' for distribution details.

R is a collaborative project with many contributors.
Type 'contributors()' for more information and
'citation()' on how to cite R or R packages in publications.

Type 'demo()' for some demos, 'help()' for on-line help, or
'help.start()' for an HTML browser interface to help.
Type 'q()' to quit R.

> # load packages
> library('tidyverse')
-- Attaching packages --------------------------------------- tidyverse 1.3.0 --
v ggplot2 3.3.2     v purrr   0.3.4
v tibble  3.0.3     v dplyr   1.0.2
v tidyr   1.1.2     v stringr 1.4.0
v readr   1.3.1     v forcats 0.5.0
-- Conflicts ------------------------------------------ tidyverse_conflicts() --
x dplyr::filter() masks stats::filter()
x dplyr::lag()    masks stats::lag()
> 
> # tsls() taken from sem package from CRAN mirror
> # here https://github.com/cran/sem/blob/master/R/tsls.R
> source(here::here("analysis","tsls.R")) 
> 
> ## import data
> df_input <- read_csv(
+   here::here("output", "input_2.csv"),
+   col_types = cols(
+     patient_id = col_integer(),
+     stp = col_character()
+   )
+ )
> 
> dim(df_input)
[1] 10000    33
> class(df_input)
[1] "spec_tbl_df" "tbl_df"      "tbl"         "data.frame" 
> colnames(df_input)
 [1] "covid_vax_1_date"                   "covid_vax_2_date"                  
 [3] "covid_vax_3_date"                   "covid_vax_4_date"                  
 [5] "covid_vax_pfizer_1_date"            "covid_vax_pfizer_2_date"           
 [7] "covid_vax_pfizer_3_date"            "covid_vax_pfizer_4_date"           
 [9] "covid_vax_az_1_date"                "covid_vax_az_2_date"               
[11] "covid_vax_az_3_date"                "covid_vax_az_4_date"               
[13] "prior_positive_test_date"           "prior_primary_care_covid_case_date"
[15] "prior_admitted_for_covid_date"      "positive_test_1_date"              
[17] "primary_care_covid_case_1_date"     "admitted_1_date"                   
[19] "coviddeath_date"                    "death_date"                        
[21] "age"                                "sex"                               
[23] "bmi"                                "has_follow_up_previous_year"       
[25] "ethnicity_16"                       "ethnicity"                         
[27] "practice_id"                        "stp"                               
[29] "region"                             "imd"                               
[31] "care_home_type"                     "care_home"                         
[33] "patient_id"                        
> sapply(df_input, class)
                  covid_vax_1_date                   covid_vax_2_date 
                            "Date"                             "Date" 
                  covid_vax_3_date                   covid_vax_4_date 
                            "Date"                             "Date" 
           covid_vax_pfizer_1_date            covid_vax_pfizer_2_date 
                            "Date"                             "Date" 
           covid_vax_pfizer_3_date            covid_vax_pfizer_4_date 
                            "Date"                             "Date" 
               covid_vax_az_1_date                covid_vax_az_2_date 
                            "Date"                             "Date" 
               covid_vax_az_3_date                covid_vax_az_4_date 
                            "Date"                             "Date" 
          prior_positive_test_date prior_primary_care_covid_case_date 
                            "Date"                             "Date" 
     prior_admitted_for_covid_date               positive_test_1_date 
                            "Date"                             "Date" 
    primary_care_covid_case_1_date                    admitted_1_date 
                            "Date"                             "Date" 
                   coviddeath_date                         death_date 
                            "Date"                             "Date" 
                               age                                sex 
                         "numeric"                        "character" 
                               bmi        has_follow_up_previous_year 
                       "character"                          "numeric" 
                      ethnicity_16                          ethnicity 
                         "numeric"                          "numeric" 
                       practice_id                                stp 
                         "numeric"                        "character" 
                            region                                imd 
                       "character"                          "numeric" 
                    care_home_type                          care_home 
                       "character"                          "numeric" 
                        patient_id 
                         "integer" 
> 
> # greater than or equal to 80 indicator
> df_input <- df_input %>% mutate(gr80 = as.numeric(age >= 80))
> sum(is.na(df_input$gr80))
[1] 0
> table(df_input$gr80)

   0    1 
9479  521 
> 
> # setup week start and end dates
> startweek <- c("2020-12-07","2020-12-14","2020-12-21","2020-12-28","2021-01-04","2021-01-11","2021-01-18","2021-01-25")
> endweek   <- c("2020-12-14","2020-12-21","2020-12-28","2021-01-04","2021-01-11","2021-01-18","2021-01-25","2021-02-01")
> 
> # initialise lists for results and plots
> results <- pt_plot <- vector("list", length(startweek))
> 
> for (i in 1:length(startweek)) {
+   
+   # print iteration
+   print(paste("Week", i))
+   print(paste("Start date", startweek[i]))
+   
+   # positive test in week
+   df_input <- df_input %>% 
+     mutate(pos_test_in_week = positive_test_1_date > startweek[i] &
+              positive_test_1_date <= endweek[i])
+ 
+   class(df_input$pos_test_in_week)
+   table(df_input$pos_test_in_week)
+ 
+   pt_plot[[i]] <- df_input %>% 
+     drop_na(age, pos_test_in_week) %>%
+     filter(age >= 18) %>%
+     ggplot(aes(x = age, y = pos_test_in_week)) + 
+     geom_point() + 
+     theme_bw()
+ 
+   # save plots
+   ggsave(
+     plot = pt_plot[[i]],
+     filename = paste0("pt_plot_week_", i, ".png"),
+     path = here::here("output"),
+     units = "cm",
+     height = 15,
+     width = 15
+   )
+ 
+   # fit IV estimator
+   ivfit <- tsls(as.numeric(pos_test_in_week) ~ age, ~ gr80, 
+                 data = df_input)
+   results[[i]] <- ivfit
+   print(summary(ivfit))
+ }
[1] "Week 1"
[1] "Start date 2020-12-07"

 2SLS Estimates

Model Formula: as.numeric(pos_test_in_week) ~ age

Instruments: ~gr80

Residuals:
      Min.    1st Qu.     Median       Mean    3rd Qu.       Max. 
-0.0002350 -0.0001802 -0.0001280  0.0000000 -0.0000732  0.9998006 

                 Estimate    Std. Error  t value Pr(>|t|)
(Intercept)  2.350380e-04  4.868485e-04  0.48277  0.62927
age         -2.743377e-06  1.172925e-05 -0.23389  0.81507

Residual standard error: 0.0111797 on 7999 degrees of freedom

[1] "Week 2"
[1] "Start date 2020-12-14"

 2SLS Estimates

Model Formula: as.numeric(pos_test_in_week) ~ age

Instruments: ~gr80

Residuals:
   Min. 1st Qu.  Median    Mean 3rd Qu.    Max. 
      0       0       0       0       0       0 

            Estimate Std. Error t value Pr(>|t|)
(Intercept)        0          0      NA       NA
age                0          0      NA       NA

Residual standard error: 0 on 7999 degrees of freedom

[1] "Week 3"
[1] "Start date 2020-12-21"

 2SLS Estimates

Model Formula: as.numeric(pos_test_in_week) ~ age

Instruments: ~gr80

Residuals:
      Min.    1st Qu.     Median       Mean    3rd Qu.       Max. 
-0.0030555 -0.0023422 -0.0016646  0.0000000 -0.0009513  0.9997263 

                 Estimate    Std. Error  t value Pr(>|t|)  
(Intercept)  3.055494e-03  1.754783e-03  1.74124  0.08168 .
age         -3.566390e-05  4.227656e-05 -0.84359  0.39893  
---
Signif. codes:  0 '***' 0.001 '**' 0.01 '*' 0.05 '.' 0.1 ' ' 1

Residual standard error: 0.0402958 on 7999 degrees of freedom

[1] "Week 4"
[1] "Start date 2020-12-28"

 2SLS Estimates

Model Formula: as.numeric(pos_test_in_week) ~ age

Instruments: ~gr80

Residuals:
     Min.   1st Qu.    Median      Mean   3rd Qu.      Max. 
-0.010322 -0.009600 -0.008878  0.000000 -0.008192  0.992891 

                 Estimate    Std. Error  t value Pr(>|t|)  
(Intercept)  1.032236e-02  4.084709e-03  2.52707 0.011521 *
age         -3.610681e-05  9.840961e-05 -0.36690 0.713701  
---
Signif. codes:  0 '***' 0.001 '**' 0.01 '*' 0.05 '.' 0.1 ' ' 1

Residual standard error: 0.0937989 on 7999 degrees of freedom

[1] "Week 5"
[1] "Start date 2021-01-04"

 2SLS Estimates

Model Formula: as.numeric(pos_test_in_week) ~ age

Instruments: ~gr80

Residuals:
    Min.  1st Qu.   Median     Mean  3rd Qu.     Max. 
-0.02345 -0.02243 -0.02150  0.00000 -0.02053  0.98098 

                 Estimate    Std. Error  t value  Pr(>|t|)    
(Intercept)  2.345229e-02  6.317497e-03  3.71228 0.0002068 ***
age         -4.873295e-05  1.522024e-04 -0.32019 0.7488363    
---
Signif. codes:  0 '***' 0.001 '**' 0.01 '*' 0.05 '.' 0.1 ' ' 1

Residual standard error: 0.1450713 on 7999 degrees of freedom

[1] "Week 6"
[1] "Start date 2021-01-11"

 2SLS Estimates

Model Formula: as.numeric(pos_test_in_week) ~ age

Instruments: ~gr80

Residuals:
    Min.  1st Qu.   Median     Mean  3rd Qu.     Max. 
-0.10967 -0.07765 -0.06458  0.00000 -0.05021  0.95960 

                Estimate   Std. Error t value   Pr(>|t|)    
(Intercept) 0.0404040247 0.0108750755 3.71529 0.00020436 ***
age         0.0006534195 0.0002620044 2.49393 0.01265395 *  
---
Signif. codes:  0 '***' 0.001 '**' 0.01 '*' 0.05 '.' 0.1 ' ' 1

Residual standard error: 0.2497288 on 7999 degrees of freedom

[1] "Week 7"
[1] "Start date 2021-01-18"

 2SLS Estimates

Model Formula: as.numeric(pos_test_in_week) ~ age

Instruments: ~gr80

Residuals:
   Min. 1st Qu.  Median    Mean 3rd Qu.    Max. 
-0.2317 -0.2235 -0.2157  0.0000 -0.2060  0.7984 

                 Estimate    Std. Error  t value Pr(>|t|)    
(Intercept)  0.2316702432  0.0180137644 12.86073  < 2e-16 ***
age         -0.0003134060  0.0004339911 -0.72215  0.47022    
---
Signif. codes:  0 '***' 0.001 '**' 0.01 '*' 0.05 '.' 0.1 ' ' 1

Residual standard error: 0.4136574 on 7999 degrees of freedom

[1] "Week 8"
[1] "Start date 2021-01-25"

 2SLS Estimates

Model Formula: as.numeric(pos_test_in_week) ~ age

Instruments: ~gr80

Residuals:
   Min. 1st Qu.  Median    Mean 3rd Qu.    Max. 
-0.6909 -0.6774  0.3139  0.0000  0.3200  0.3321 

                 Estimate    Std. Error  t value Pr(>|t|)    
(Intercept)  0.6908605557  0.0202815935 34.06343  < 2e-16 ***
age         -0.0002167664  0.0004886281 -0.44362  0.65733    
---
Signif. codes:  0 '***' 0.001 '**' 0.01 '*' 0.05 '.' 0.1 ' ' 1

Residual standard error: 0.4657345 on 7999 degrees of freedom

> 
> proc.time()
   user  system elapsed 
  6.444   0.233   6.711 
