
R version 4.0.2 (2020-06-22) -- "Taking Off Again"
Copyright (C) 2020 The R Foundation for Statistical Computing
Platform: x86_64-pc-linux-gnu (64-bit)

R is free software and comes with ABSOLUTELY NO WARRANTY.
You are welcome to redistribute it under certain conditions.
Type 'license()' or 'licence()' for distribution details.

R is a collaborative project with many contributors.
Type 'contributors()' for more information and
'citation()' on how to cite R or R packages in publications.

Type 'demo()' for some demos, 'help()' for on-line help, or
'help.start()' for an HTML browser interface to help.
Type 'q()' to quit R.

> # load packages
> library('tidyverse')
-- Attaching packages --------------------------------------- tidyverse 1.3.0 --
v ggplot2 3.3.2     v purrr   0.3.4
v tibble  3.0.3     v dplyr   1.0.2
v tidyr   1.1.2     v stringr 1.4.0
v readr   1.3.1     v forcats 0.5.0
-- Conflicts ------------------------------------------ tidyverse_conflicts() --
x dplyr::filter() masks stats::filter()
x dplyr::lag()    masks stats::lag()
> 
> # tsls() taken from sem package from CRAN mirror
> # here https://github.com/cran/sem/blob/master/R/tsls.R
> source(here::here("analysis","tsls.R")) 
> 
> ## import data
> df_input <- read_csv(
+   here::here("output", "input_2.csv"),
+   col_types = cols(
+     patient_id = col_integer(),
+     stp = col_character()
+   )
+ )
> 
> dim(df_input)
[1] 10000    33
> class(df_input)
[1] "spec_tbl_df" "tbl_df"      "tbl"         "data.frame" 
> colnames(df_input)
 [1] "covid_vax_1_date"                   "covid_vax_2_date"                  
 [3] "covid_vax_3_date"                   "covid_vax_4_date"                  
 [5] "covid_vax_pfizer_1_date"            "covid_vax_pfizer_2_date"           
 [7] "covid_vax_pfizer_3_date"            "covid_vax_pfizer_4_date"           
 [9] "covid_vax_az_1_date"                "covid_vax_az_2_date"               
[11] "covid_vax_az_3_date"                "covid_vax_az_4_date"               
[13] "prior_positive_test_date"           "prior_primary_care_covid_case_date"
[15] "prior_admitted_for_covid_date"      "positive_test_1_date"              
[17] "primary_care_covid_case_1_date"     "admitted_1_date"                   
[19] "coviddeath_date"                    "death_date"                        
[21] "age"                                "sex"                               
[23] "bmi"                                "has_follow_up_previous_year"       
[25] "ethnicity_16"                       "ethnicity"                         
[27] "practice_id"                        "stp"                               
[29] "region"                             "imd"                               
[31] "care_home_type"                     "care_home"                         
[33] "patient_id"                        
> sapply(df_input, class)
                  covid_vax_1_date                   covid_vax_2_date 
                            "Date"                             "Date" 
                  covid_vax_3_date                   covid_vax_4_date 
                            "Date"                             "Date" 
           covid_vax_pfizer_1_date            covid_vax_pfizer_2_date 
                            "Date"                             "Date" 
           covid_vax_pfizer_3_date            covid_vax_pfizer_4_date 
                            "Date"                             "Date" 
               covid_vax_az_1_date                covid_vax_az_2_date 
                            "Date"                             "Date" 
               covid_vax_az_3_date                covid_vax_az_4_date 
                            "Date"                             "Date" 
          prior_positive_test_date prior_primary_care_covid_case_date 
                            "Date"                             "Date" 
     prior_admitted_for_covid_date               positive_test_1_date 
                            "Date"                             "Date" 
    primary_care_covid_case_1_date                    admitted_1_date 
                            "Date"                             "Date" 
                   coviddeath_date                         death_date 
                            "Date"                             "Date" 
                               age                                sex 
                         "numeric"                        "character" 
                               bmi        has_follow_up_previous_year 
                       "character"                          "numeric" 
                      ethnicity_16                          ethnicity 
                         "numeric"                          "numeric" 
                       practice_id                                stp 
                         "numeric"                        "character" 
                            region                                imd 
                       "character"                          "numeric" 
                    care_home_type                          care_home 
                       "character"                          "numeric" 
                        patient_id 
                         "integer" 
> 
> # greater than or equal to 80 indicator
> df_input <- df_input %>% mutate(gr80 = as.numeric(age >= 80))
> sum(is.na(df_input$gr80))
[1] 0
> table(df_input$gr80)

   0    1 
9509  491 
> 
> # setup week start and end dates
> startweek <- c("2020-12-07","2020-12-14","2020-12-21","2020-12-28","2021-01-04","2021-01-11","2021-01-18","2021-01-25")
> endweek   <- c("2020-12-14","2020-12-21","2020-12-28","2021-01-04","2021-01-11","2021-01-18","2021-01-25","2021-02-01")
> 
> # initialise lists for results and plots
> results <- pt_plot <- vector("list", length(startweek))
> 
> for (i in 1:length(startweek)) {
+   
+   # print iteration
+   print(paste("Week", i))
+   print(paste("Start date", startweek[i]))
+   
+   # positive test in week
+   df_input <- df_input %>% 
+     mutate(pos_test_in_week = positive_test_1_date > startweek[i] &
+              positive_test_1_date <= endweek[i])
+ 
+   class(df_input$pos_test_in_week)
+   table(df_input$pos_test_in_week)
+ 
+   pt_plot[[i]] <- df_input %>% 
+     drop_na(age, pos_test_in_week) %>%
+     filter(age >= 18) %>%
+     ggplot(aes(x = age, y = pos_test_in_week)) + 
+     geom_point() + 
+     theme_bw()
+ 
+   # save plots
+   ggsave(
+     plot = pt_plot[[i]],
+     filename = paste0("pt_plot_week_", i, ".png"),
+     path = here::here("output", "plots"),
+     units = "cm",
+     height = 15,
+     width = 15
+   )
+ 
+   # fit IV estimator
+   ivfit <- tsls(as.numeric(pos_test_in_week) ~ age, ~ gr80, 
+                 data = df_input)
+   results[[i]] <- ivfit
+   print(summary(ivfit))
+ }
[1] "Week 1"
[1] "Start date 2020-12-07"
Error in grid.newpage() : 
  could not open file '/workspace/output/plots/pt_plot_week_1.png'
Calls: ggsave ... grid.draw.ggplot -> print -> print.ggplot -> grid.newpage
Backtrace:
1: grid.newpage()
2: print.ggplot(x)
3: print(x)
4: grid.draw.ggplot(plot)
5: grid.draw(plot)
6: ggsave(plot = pt_plot[[i]], filename = paste0("pt_plot_week_", 
> proc.time()
   user  system elapsed 
  2.202   0.288   2.943 
